time="2024-11-13T22:12:40+03:00" level=info msg="Successfully connected to PostgreSQL!"
time="2024-11-13T22:12:42+03:00" level=info msg="Successfully inserted rows.16"
time="2024-11-13T22:12:44+03:00" level=info msg="Successfully inserted rows.100"
time="2024-11-13T22:13:11+03:00" level=info msg="[ Kolasiv] /todaynews"
time="2024-11-13T22:13:49+03:00" level=error msg="error send th msgToo Many Requests: retry after 263"
time="2024-11-13T22:13:50+03:00" level=error msg="error send th msgToo Many Requests: retry after 262"
time="2024-11-13T22:13:50+03:00" level=error msg="error send th msgToo Many Requests: retry after 262"
time="2024-11-13T22:13:50+03:00" level=error msg="error send th msgToo Many Requests: retry after 262"
time="2024-11-13T22:13:50+03:00" level=error msg="error send th msgToo Many Requests: retry after 262"
time="2024-11-13T22:13:51+03:00" level=error msg="error send th msgToo Many Requests: retry after 262"
time="2024-11-13T22:13:51+03:00" level=error msg="error send th msgToo Many Requests: retry after 261"
time="2024-11-13T22:13:52+03:00" level=error msg="error send th msgToo Many Requests: retry after 260"
time="2024-11-13T22:13:52+03:00" level=error msg="error send th msgToo Many Requests: retry after 260"
time="2024-11-13T22:13:52+03:00" level=error msg="error send th msgToo Many Requests: retry after 260"
time="2024-11-13T22:13:52+03:00" level=error msg="error send th msgToo Many Requests: retry after 260"
time="2024-11-13T22:13:52+03:00" level=info msg="[ daria_vasilevsk] /start"
time="2024-11-13T22:13:53+03:00" level=info msg="[ daria_vasilevsk] /todaynews"
time="2024-11-13T22:14:30+03:00" level=error msg="error send th msgToo Many Requests: retry after 264"
time="2024-11-13T22:14:32+03:00" level=error msg="error send th msgToo Many Requests: retry after 263"
time="2024-11-13T22:14:32+03:00" level=error msg="error send th msgToo Many Requests: retry after 262"
time="2024-11-13T22:14:33+03:00" level=error msg="error send th msgToo Many Requests: retry after 262"
time="2024-11-13T22:14:33+03:00" level=error msg="error send th msgToo Many Requests: retry after 261"
time="2024-11-13T22:14:34+03:00" level=error msg="error send th msgToo Many Requests: retry after 260"
time="2024-11-13T22:14:35+03:00" level=error msg="error send th msgToo Many Requests: retry after 260"
time="2024-11-13T22:14:35+03:00" level=error msg="error send th msgToo Many Requests: retry after 259"
time="2024-11-13T22:14:36+03:00" level=error msg="error send th msgToo Many Requests: retry after 259"
time="2024-11-13T22:14:37+03:00" level=error msg="error send th msgToo Many Requests: retry after 258"
time="2024-11-13T22:14:38+03:00" level=error msg="error send th msgToo Many Requests: retry after 257"
