time="2024-11-13T22:25:49+03:00" level=info msg="Successfully connected to PostgreSQL!"
time="2024-11-13T22:25:49+03:00" level=error msg="Error parsing RSS feed: https://devby.io/rssGet \"https://devby.io/rss\": read tcp 192.168.100.3:14305->82.209.230.73:443: wsarecv: An existing connection was forcibly closed by the remote host."
time="2024-11-13T22:25:58+03:00" level=info msg="Successfully inserted rows.100"
time="2024-11-13T22:26:19+03:00" level=info msg="[ daria_vasilevsk] /todaynews"
time="2024-11-13T22:28:20+03:00" level=error msg="error send th msgToo Many Requests: retry after 180"
time="2024-11-13T22:28:21+03:00" level=error msg="error send th msgToo Many Requests: retry after 179"
time="2024-11-13T22:28:22+03:00" level=error msg="error send th msgToo Many Requests: retry after 178"
time="2024-11-13T22:28:23+03:00" level=error msg="error send th msgToo Many Requests: retry after 177"
time="2024-11-13T22:28:24+03:00" level=error msg="error send th msgToo Many Requests: retry after 176"
time="2024-11-13T22:28:26+03:00" level=error msg="error send th msgToo Many Requests: retry after 174"
time="2024-11-13T22:28:27+03:00" level=error msg="error send th msgToo Many Requests: retry after 173"
time="2024-11-13T22:28:28+03:00" level=error msg="error send th msgToo Many Requests: retry after 172"
time="2024-11-13T22:28:29+03:00" level=error msg="error send th msgToo Many Requests: retry after 171"
time="2024-11-13T22:28:30+03:00" level=error msg="error send th msgToo Many Requests: retry after 170"
time="2024-11-13T22:28:31+03:00" level=error msg="error send th msgToo Many Requests: retry after 169"
time="2024-11-13T22:28:32+03:00" level=error msg="error send th msgToo Many Requests: retry after 168"
time="2024-11-13T22:28:33+03:00" level=error msg="error send th msgToo Many Requests: retry after 167"
time="2024-11-13T22:28:35+03:00" level=error msg="error send th msgToo Many Requests: retry after 165"
time="2024-11-13T22:28:36+03:00" level=error msg="error send th msgToo Many Requests: retry after 164"
time="2024-11-13T22:28:37+03:00" level=error msg="error send th msgToo Many Requests: retry after 163"
time="2024-11-13T22:28:38+03:00" level=error msg="error send th msgToo Many Requests: retry after 162"
time="2024-11-13T22:28:39+03:00" level=error msg="error send th msgToo Many Requests: retry after 161"
